asset_class_id,location_id,current_value,plan_percent,plan_value,deviation,contribution_amount
2,2,239450,500,8327572,-9713,0
1,2,1422050,2000,33310290,-9574,0
1,1,4171600,4000,66620580,-9374,0
2,1,100478900,2500,41637862,14131,0
3,1,60000000,1000,16655145,26024,0