asset_class_id,location_id,current_percent,current_value,plan_percent,plan_value,percent_difference,value_difference
1,1,250,4171600,4000,66620580,3750,62448980
1,2,85,1422050,2000,33310290,1915,31888240
2,1,6032,100478900,2500,41637862,-3532,-58841038
2,2,14,239450,500,8327572,486,8088122
3,1,3602,60000000,1000,16655145,-2602,-43344855