asset_class_id,location_id,current_value,plan_percent,plan_value,deviation
2,2,239450,500,8827572,-9729
1,2,1422050,2000,35310290,-9598
1,1,4171600,4000,70620580,-9410
2,1,100478900,2500,44137862,12764
3,1,60000000,1000,17655145,23984