asset_class_id,location_id,current_percent,current_value,plan_percent,plan_value,percent_difference,value_difference
1,1,236,4171600,4000,70620580,3764,66448980
1,2,80,1422050,2000,35310290,1920,33888240
2,2,13,239450,500,8827572,487,8588122
3,1,3398,60000000,1000,17655145,-2398,-42344855
2,1,5691,100478900,2500,44137862,-3191,-56341038